

Start of new Test: Mon Mar  2 11:55:12 2015


Start of new Test: Mon Mar  2 12:58:43 2015
)))))
*******End of new Test*********

Start of new Test: Mon Mar  2 12:59:31 2015
)))))
*******End of new Test*********

Start of new Test: Mon Mar  2 12:59:34 2015
)))))
*******End of new Test*********

Start of new Test: Mon Mar  2 13:00:56 2015
)))))
*******End of new Test*********

Start of new Test: Mon Mar  2 13:00:58 2015
*****
*******End of new Test*********

Start of new Test: Mon Mar  2 13:00:59 2015
*****
*******End of new Test*********

Start of new Test: Mon Mar  2 13:01:01 2015
@,,- --
*******End of new Test*********

Start of new Test: Mon Mar  2 13:01:02 2015
G-	-
-	--
*******End of new Test*********

Start of new Test: Mon Mar  2 13:01:03 2015
J-
----
*******End of new Test*********

Start of new Test: Mon Mar  2 13:01:05 2015
+++++
*******End of new Test*********

Start of new Test: Mon Mar  2 13:01:55 2015
)
))))
*******End of new Test*********


Start of new Test: Mon Mar  2 13:01:56 2015
)
))))
*******End of new Test*********


Start of new Test: Mon Mar  2 13:02:34 2015
)))	)
)
)	)))))))	iT))))))))))))))))))))))))))))))))))))
*******End of new Test*********


Start of new Test: Mon Mar  2 13:03:23 2015
)))))))))))))))))))))))))))))
)
)
)))))))
)	)	)
))))))	)	))	)
)))))	))))	)))))))))))))))))))))))))))))))))
)
)
)))))))
)	)	)
))))))	)	))	)
)))))	))))	)m@,,,,,,,,,,,,,,,,,,,,,,,,,,,,,,,,,,,,,,,,,,,,,,,,,,,,,,,,,,,	,	,	,
,,,,,	,,,,,,	,	,	,,,,,,,,,,,,,,,,,,,,, +, ,,,,,+++++, , , ++++++++++++++++kV++++++++++++++++++++++++++++++++
+
+
++++++
++++	+++++++++++
+
+	+++++++++++++++++++++ + +++++++ ***+ ++++*****+ +++ ************************j[**********************************************************************
********	*	*	*
*****
****	*
*********	***
*******	*	*	***************jJ***	*
*******End of new Test*********
